// Jest Snapshot v1, https://goo.gl/fbAQLP

exports[`<Modal /> should render Modal 1`] = `
.c6 {
  display: inline-block;
  vertical-align: middle;
  overflow: hidden;
}

.c1 {
  position: relative;
  max-width: 80%;
  width: auto;
  margin: auto;
}

.c7 {
  color: #030517;
  width: 14px;
  height: 18px;
  position: absolute;
  top: 12px;
  right: 15px;
  cursor: pointer;
}

.c0 {
  background-color: rgb(45,42,42,0.9);
  width: 100%;
  height: 100vh;
  z-index: 999;
  display: -webkit-box;
  display: -webkit-flex;
  display: -ms-flexbox;
  display: flex;
  -webkit-box-pack: center;
  -webkit-justify-content: center;
  -ms-flex-pack: center;
  justify-content: center;
  -webkit-align-items: center;
  -webkit-box-align: center;
  -ms-flex-align: center;
  align-items: center;
  position: absolute;
  top: 0;
  right: 0;
}

.c2 {
  box-shadow: 0 4px 8px #030517;
  border-radius: 0.4rem;
  display: -webkit-box;
  display: -webkit-flex;
  display: -ms-flexbox;
  display: flex;
  -webkit-align-items: center;
  -webkit-box-align: center;
  -ms-flex-align: center;
  align-items: center;
  min-width: 60vw;
  max-width: 80vw;
  max-height: 90vh;
}

.c3 {
  background-color: #FAFAFA;
  box-shadow: 0 4px 8px #030517;
  border-radius: 0.4rem;
  padding: 20px;
  min-width: 60vw;
  max-width: 80vw;
  max-height: 90vh;
  display: -webkit-box;
  display: -webkit-flex;
  display: -ms-flexbox;
  display: flex;
  gap: 7px;
  -webkit-flex-direction: column;
  -ms-flex-direction: column;
  flex-direction: column;
  -webkit-align-items: left;
  -webkit-box-align: left;
  -ms-flex-align: left;
  align-items: left;
}

.c5 {
  text-align: center;
  font: normal normal 600 1.4rem / 10px Rubik,-apple-system,BlinkMacSystemFont,'Segoe UI',Roboto,Oxygen,Ubuntu,Cantarell,'Open Sans','Helvetica Neue',sans-serif;
  color: #030517;
  -webkit-letter-spacing: 0px;
  -moz-letter-spacing: 0px;
  -ms-letter-spacing: 0px;
  letter-spacing: 0px;
  margin: 0;
  padding-bottom: 8px;
}

.c4 {
  display: -webkit-box;
  display: -webkit-flex;
  display: -ms-flexbox;
  display: flex;
  -webkit-flex-direction: column;
  -ms-flex-direction: column;
  flex-direction: column;
  top: 0;
}

.c8 {
  overflow: auto;
  max-height: 80vh;
  max-width: 80vw;
  min-width: 60vw;
}

@media (max-width:800px) {
  .c8 {
    width: 600px;
  }
}

@media (max-width:600px) {
  .c8 {
    width: 300px;
  }
}

@media (max-width:360px) {
  .c8 {
    width: 450px;
  }
}

<div
  class="c0"
  id="WrapperModal"
>
  <div
    class="c1"
    data-testid="motion"
    style="opacity: 0; transform: scale(0.6) translateZ(0);"
  >
    <div
      class="c2"
    >
      <div
        class="c3"
      >
        <div
          class="c4"
        >
          <p
            class="c5"
          >
            teste
          </p>
          <svg
            aria-hidden="true"
            class="c6 c7"
            data-testid="CloseIcon"
            fill="currentColor"
            focusable="false"
            viewBox="0 0 24 24"
            xmlns="http://www.w3.org/2000/svg"
          >
            <g
              data-name="Layer 2"
            >
              <path
                d="M13.41 12l4.3-4.29a1 1 0 10-1.42-1.42L12 10.59l-4.29-4.3a1 1 0 00-1.42 1.42l4.3 4.29-4.3 4.29a1 1 0 000 1.42 1 1 0 001.42 0l4.29-4.3 4.29 4.3a1 1 0 001.42 0 1 1 0 000-1.42z"
                data-name="close"
              />
            </g>
          </svg>
        </div>
        <div
          class="c8"
        >
          <div>
            <h1>
              Churrasmeo
            </h1>
          </div>
        </div>
      </div>
    </div>
  </div>
</div>
`;
